------------------------------------------------------------
Timing Analyzer Summary
------------------------------------------------------------

Type  : Slow 1100mV 85C Model Setup 'decrement_btn'
Slack : -7.158
TNS   : -40.213

Type  : Slow 1100mV 85C Model Hold 'decrement_btn'
Slack : -4.897
TNS   : -14.570

Type  : Slow 1100mV 85C Model Recovery 'decrement_btn'
Slack : -6.633
TNS   : -39.788

Type  : Slow 1100mV 85C Model Removal 'decrement_btn'
Slack : 1.370
TNS   : 0.000

Type  : Slow 1100mV 85C Model Minimum Pulse Width 'decrement_btn'
Slack : -0.394
TNS   : -4.109

Type  : Slow 1100mV 85C Model Minimum Pulse Width 'reset_sw'
Slack : 0.394
TNS   : 0.000

Type  : Slow 1100mV 0C Model Setup 'decrement_btn'
Slack : -6.752
TNS   : -38.052

Type  : Slow 1100mV 0C Model Hold 'decrement_btn'
Slack : -4.752
TNS   : -14.822

Type  : Slow 1100mV 0C Model Recovery 'decrement_btn'
Slack : -6.206
TNS   : -37.231

Type  : Slow 1100mV 0C Model Removal 'decrement_btn'
Slack : 1.146
TNS   : 0.000

Type  : Slow 1100mV 0C Model Minimum Pulse Width 'decrement_btn'
Slack : -0.394
TNS   : -3.393

Type  : Slow 1100mV 0C Model Minimum Pulse Width 'reset_sw'
Slack : 0.381
TNS   : 0.000

Type  : Fast 1100mV 85C Model Setup 'decrement_btn'
Slack : -4.965
TNS   : -28.479

Type  : Fast 1100mV 85C Model Hold 'decrement_btn'
Slack : -2.870
TNS   : -7.813

Type  : Fast 1100mV 85C Model Recovery 'decrement_btn'
Slack : -5.023
TNS   : -30.137

Type  : Fast 1100mV 85C Model Removal 'decrement_btn'
Slack : 1.435
TNS   : 0.000

Type  : Fast 1100mV 85C Model Minimum Pulse Width 'decrement_btn'
Slack : -0.322
TNS   : -2.124

Type  : Fast 1100mV 85C Model Minimum Pulse Width 'reset_sw'
Slack : 0.101
TNS   : 0.000

Type  : Fast 1100mV 0C Model Setup 'decrement_btn'
Slack : -4.038
TNS   : -23.297

Type  : Fast 1100mV 0C Model Hold 'decrement_btn'
Slack : -2.807
TNS   : -8.614

Type  : Fast 1100mV 0C Model Recovery 'decrement_btn'
Slack : -4.067
TNS   : -24.397

Type  : Fast 1100mV 0C Model Removal 'decrement_btn'
Slack : 1.012
TNS   : 0.000

Type  : Fast 1100mV 0C Model Minimum Pulse Width 'decrement_btn'
Slack : -0.319
TNS   : -2.093

Type  : Fast 1100mV 0C Model Minimum Pulse Width 'reset_sw'
Slack : 0.081
TNS   : 0.000

------------------------------------------------------------
